// Vitest Snapshot v1, https://vitest.dev/guide/snapshot.html

exports[`SkeletonCard > mount matches snapshot with expected values 1`] = `
"<div class=\\"border-round border-1 surface-border p-4 surface-card\\">
  <div class=\\"flex mb-3\\">
    <div style=\\"width: 4rem; height: 4rem;\\" class=\\"p-skeleton p-component p-skeleton-circle mr-2\\" aria-hidden=\\"true\\"></div>
    <div>
      <div style=\\"width: 10rem; height: 1rem;\\" class=\\"p-skeleton p-component mb-2\\" aria-hidden=\\"true\\"></div>
      <div style=\\"width: 5rem; height: 1rem;\\" class=\\"p-skeleton p-component mb-2\\" aria-hidden=\\"true\\"></div>
    </div>
  </div>
  <div style=\\"width: 100%; height: 150px;\\" class=\\"p-skeleton p-component\\" aria-hidden=\\"true\\"></div>
  <div class=\\"flex justify-content-end mt-3\\">
    <div style=\\"width: 8rem; height: 2rem;\\" class=\\"p-skeleton p-component mr-3\\" aria-hidden=\\"true\\"></div>
    <div style=\\"width: 8rem; height: 2rem;\\" class=\\"p-skeleton p-component\\" aria-hidden=\\"true\\"></div>
  </div>
</div>"
`;
